
  ConcreteTest
    ✓ test from ConcreteTest
    ✓ inherited test from AbstractTestBase

  2 passing
