
  KnownDependencyInjectionTest
    ✓ injected

  DefaultHandledDependencyInjectionTest
    ✓ injected

  2 passing
