
  vanila tdd suite
    âœ“ only

  vanila bdd suite
    âœ“ only

  2 passing
