
  Suite1
    - test1

  Suite2
    âœ“ test1

  1 passing
  1 pending
