
  vanila tdd suite
    ✓ vanila test
    1) vanila failing test
    ✓ vanila asinc
    ✓ Vanila promise
    - pending
    - skipped

  vanila bdd suite
    ✓ vanila test
    2) vanila failing test
    ✓ vanila asinc
    ✓ Vanila promise
    - skipped

  Simple
    ✓ test

  Timeouts
    ✓ pass1
    3) pass2
    ✓ pass3

  InlineTrait
    4) timeout

  StockSequence
    ✓ step1
    5) step2
    - step3
    - step4

  CustomSequence
    ✓ step1
    6) step2
    - step3
    - step4

  name and trait
    ✓ step1
    7) step2
    - step3

  Slows
    ✓ pass1
    ✓ pass2
    ✓ pass3

  mocha typescript
    ✓ assert pass
    ✓ assert pass 2
    8) test fail
    9) test fail 2
    - test skip
    10) test intentinally timeout
    11) test intentinall fail due error before timeout
    ✓ test won't timeout but will be redish slow
    ✓ test won't timeout but will be yellowish slow

  Skipped1
    - test

  Skipped2
    - test

  Pending1
    - pending

  Pending2
    - pending

  Pending3
    - pending

  custom suite name
    ✓ custom test name

  InstanceTests
    ✓ test
    12) testFailing
    ✓ beforeAfterCalled

  AsyncInstanceTests
    ✓ test
    13) testFailing
    ✓ beforeAfterCalled

  24 passing
  14 pending
  13 failing

  1) vanila tdd suite
       vanila failing test:
     Error: x

  2) vanila bdd suite
       vanila failing test:
     Error: x

  3) Timeouts
       pass2:
     Error: Timeout of 100ms exceeded. For async tests and hooks, ensure "done()" is called; if returning a Promise, ensure it resolves.

  4) InlineTrait
       timeout:
     Error: Timeout of 100ms exceeded. For async tests and hooks, ensure "done()" is called; if returning a Promise, ensure it resolves.

  5) StockSequence
       step2:
     Error: Failed

  6) CustomSequence
       step2:
     Error: Failed

  7) name and trait
       step2:
     Error: Failed

  8) mocha typescript
       test fail:
     Error: Fail intentionally!

  9) mocha typescript
       test fail 2:
     Error: Fail intentionally!

  10) mocha typescript
       test intentinally timeout:
     Error: Timeout of 100ms exceeded. For async tests and hooks, ensure "done()" is called; if returning a Promise, ensure it resolves.

  11) mocha typescript
       test intentinall fail due error before timeout:
     Error: done() invoked with non-Error: Ooopsss...

  12) InstanceTests
       testFailing:

      AssertionError: expected false to be true

  13) AsyncInstanceTests
       testFailing:

      AssertionError: expected false to be true
