
  ConcreteTest
    âœ“ inherited test from AbstractTestBase

  1 passing
