
  AsyncSuite
    ✓ test

  AsyncSuiteAfterAssert
    ✓ assertStaticAfterCalledAndAwaited

  2 passing
