
  ParamsOnlySuite
    parameterised test limiting tests to only specific params
      ✓ must be run 2
      ✓ must be run 1

  2 passing
