
  Suite1
    ✓ test1
    - test2
    - test3
    ✓ test4

  Suite3
    - test1

  Suite4
    ✓ test1

  Suite5
    - test1

  Suite6
    ✓ test1
    - test2

  4 passing
  5 pending