
  TypeDITest
    âœ“ test linear function

  1 passing
